=== INICIO DE TELEMETRIA EN VIVO (PERFIL MAX TURBO 35-40 FPS) ===
Inicio: Mon Aug 17 15:30:17 CST 2026
----------------------------------------------------------------------
[15:30:17] Muestra 1/20:
  CPU: 1296000 kHz (performance) | Temp: 65.8 °C
  GPU: 520000000 Hz (performance) | SD Read-Ahead: 128 KB
  RAM: 356M usada / 265M libre | ZRAM Swap: 0M (Orig: 0 KB -> Compr: 0 KB (Ratio: 1.00:1))
  Bateria: 87% (3.652V, -578 mA, Discharging)
  PPSSPP: PID=2765 | Top:    2765 root       1 -19 2072544 285076 168172 S 211.1  28.5   5:59.79 PPSSPPS+
  Prioridad Scheduler: 
----------------------------------------------------------------------
[15:30:33] Muestra 2/20:
  CPU: 1296000 kHz (performance) | Temp: 65.0 °C
  GPU: 520000000 Hz (performance) | SD Read-Ahead: 128 KB
  RAM: 364M usada / 256M libre | ZRAM Swap: 0M (Orig: 0 KB -> Compr: 0 KB (Ratio: 1.00:1))
  Bateria: 87% (3.625V, -589 mA, Discharging)
  PPSSPP: PID=2765 | Top:    2765 root       1 -19 2078236 291072 166180 R 205.9  29.1   6:31.47 PPSSPPS+
  Prioridad Scheduler: 
----------------------------------------------------------------------
[15:30:48] Muestra 3/20:
  CPU: 1296000 kHz (performance) | Temp: 68.5 °C
  GPU: 520000000 Hz (performance) | SD Read-Ahead: 128 KB
  RAM: 364M usada / 256M libre | ZRAM Swap: 0M (Orig: 0 KB -> Compr: 0 KB (Ratio: 1.00:1))
  Bateria: 87% (3.657V, -601 mA, Discharging)
  PPSSPP: PID=2765 | Top:    2765 root       1 -19 2078236 291540 166180 S 200.0  29.2   7:05.74 PPSSPPS+
  Prioridad Scheduler: 
----------------------------------------------------------------------
[15:31:04] Muestra 4/20:
  CPU: 1296000 kHz (performance) | Temp: 68.1 °C
  GPU: 520000000 Hz (performance) | SD Read-Ahead: 128 KB
  RAM: 365M usada / 255M libre | ZRAM Swap: 0M (Orig: 0 KB -> Compr: 0 KB (Ratio: 1.00:1))
  Bateria: 87% (3.601V, -632 mA, Discharging)
  PPSSPP: PID=2765 | Top:    2765 root       1 -19 2110492 292120 166760 R 229.4  29.2   7:40.46 PPSSPPS+
  Prioridad Scheduler: 
----------------------------------------------------------------------
[15:31:19] Muestra 5/20:
  CPU: 1296000 kHz (performance) | Temp: 68.5 °C
  GPU: 520000000 Hz (performance) | SD Read-Ahead: 128 KB
  RAM: 365M usada / 255M libre | ZRAM Swap: 0M (Orig: 0 KB -> Compr: 0 KB (Ratio: 1.00:1))
  Bateria: 87% (3.615V, -621 mA, Discharging)
  PPSSPP: PID=2765 | Top:    2765 root       1 -19 2175516 292764 167404 S 168.4  29.3   8:13.33 PPSSPPS+
  Prioridad Scheduler: 
----------------------------------------------------------------------
[15:31:34] Muestra 6/20:
  CPU: 1296000 kHz (performance) | Temp: 69.2 °C
  GPU: 520000000 Hz (performance) | SD Read-Ahead: 128 KB
  RAM: 366M usada / 251M libre | ZRAM Swap: 0M (Orig: 0 KB -> Compr: 0 KB (Ratio: 1.00:1))
  Bateria: 87% (3.583V, -624 mA, Discharging)
  PPSSPP: PID=2765 | Top:    2765 root       1 -19 2175776 293412 167676 R 217.6  29.3   8:46.32 PPSSPPS+
  Prioridad Scheduler: 
----------------------------------------------------------------------
[15:31:50] Muestra 7/20:
  CPU: 1296000 kHz (performance) | Temp: 70.0 °C
  GPU: 520000000 Hz (performance) | SD Read-Ahead: 128 KB
  RAM: 365M usada / 252M libre | ZRAM Swap: 0M (Orig: 0 KB -> Compr: 0 KB (Ratio: 1.00:1))
  Bateria: 87% (3.585V, -604 mA, Discharging)
  PPSSPP: PID=2765 | Top:    2765 root       1 -19 2175776 293412 167676 R 229.4  29.3   9:18.99 PPSSPPS+
  Prioridad Scheduler: 
----------------------------------------------------------------------
[15:32:05] Muestra 8/20:
  CPU: 1296000 kHz (performance) | Temp: 70.0 °C
  GPU: 520000000 Hz (performance) | SD Read-Ahead: 128 KB
  RAM: 366M usada / 251M libre | ZRAM Swap: 0M (Orig: 0 KB -> Compr: 0 KB (Ratio: 1.00:1))
  Bateria: 87% (3.559V, -639 mA, Discharging)
  PPSSPP: PID=2765 | Top:    2765 root       1 -19 2174512 292424 166424 R 217.6  29.2   9:53.91 PPSSPPS+
  Prioridad Scheduler: 
----------------------------------------------------------------------
[15:32:21] Muestra 9/20:
  CPU: 1296000 kHz (performance) | Temp: 68.8 °C
  GPU: 520000000 Hz (performance) | SD Read-Ahead: 128 KB
  RAM: 366M usada / 250M libre | ZRAM Swap: 0M (Orig: 0 KB -> Compr: 0 KB (Ratio: 1.00:1))
  Bateria: 87% (3.582V, -612 mA, Discharging)
  PPSSPP: PID=2765 | Top:    2765 root       1 -19 2174512 292424 166424 R 194.1  29.2  10:27.16 PPSSPPS+
  Prioridad Scheduler: 
----------------------------------------------------------------------
[15:32:36] Muestra 10/20:
  CPU: 1296000 kHz (performance) | Temp: 70.8 °C
  GPU: 520000000 Hz (performance) | SD Read-Ahead: 128 KB
  RAM: 381M usada / 231M libre | ZRAM Swap: 0M (Orig: 0 KB -> Compr: 0 KB (Ratio: 1.00:1))
  Bateria: 87% (3.610V, -619 mA, Discharging)
  PPSSPP: PID=2765 | Top:    2765 root       1 -19 2182948 300800 159468 R 200.0  30.1  11:00.19 PPSSPPS+
  Prioridad Scheduler: 
----------------------------------------------------------------------
[15:32:51] Muestra 11/20:
  CPU: 1296000 kHz (performance) | Temp: 70.4 °C
  GPU: 520000000 Hz (performance) | SD Read-Ahead: 128 KB
  RAM: 388M usada / 224M libre | ZRAM Swap: 0M (Orig: 0 KB -> Compr: 0 KB (Ratio: 1.00:1))
  Bateria: 87% (3.636V, -578 mA, Discharging)
  PPSSPP: PID=2765 | Top:    2765 root       1 -19 2182800 304416 156356 R 194.1  30.4  11:31.91 PPSSPPS+
  Prioridad Scheduler: 
----------------------------------------------------------------------
[15:33:07] Muestra 12/20:
  CPU: 1296000 kHz (performance) | Temp: 72.1 °C
  GPU: 520000000 Hz (performance) | SD Read-Ahead: 128 KB
  RAM: 390M usada / 221M libre | ZRAM Swap: 0M (Orig: 0 KB -> Compr: 0 KB (Ratio: 1.00:1))
  Bateria: 87% (3.537V, -627 mA, Discharging)
  PPSSPP: PID=2765 | Top:    2765 root       1 -19 2171804 327896 177236 R 194.4  32.8  12:03.97 PPSSPPS+
  Prioridad Scheduler: 
----------------------------------------------------------------------
[15:33:22] Muestra 13/20:
  CPU: 1296000 kHz (performance) | Temp: 70.8 °C
  GPU: 520000000 Hz (performance) | SD Read-Ahead: 128 KB
  RAM: 390M usada / 220M libre | ZRAM Swap: 0M (Orig: 0 KB -> Compr: 0 KB (Ratio: 1.00:1))
  Bateria: 87% (3.574V, -629 mA, Discharging)
  PPSSPP: PID=2765 | Top:    2765 root       1 -19 2172572 328668 178004 R 200.0  32.9  12:36.42 PPSSPPS+
  Prioridad Scheduler: 
----------------------------------------------------------------------
[15:33:38] Muestra 14/20:
  CPU: 1296000 kHz (performance) | Temp: 70.8 °C
  GPU: 520000000 Hz (performance) | SD Read-Ahead: 128 KB
  RAM: 389M usada / 221M libre | ZRAM Swap: 0M (Orig: 0 KB -> Compr: 0 KB (Ratio: 1.00:1))
  Bateria: 87% (3.564V, -623 mA, Discharging)
  PPSSPP: PID=2765 | Top:    2765 root       1 -19 2172572 328668 178004 R 223.5  32.9  13:08.99 PPSSPPS+
  Prioridad Scheduler: 
----------------------------------------------------------------------
[15:33:53] Muestra 15/20:
  CPU: 1296000 kHz (performance) | Temp: 71.2 °C
  GPU: 520000000 Hz (performance) | SD Read-Ahead: 128 KB
  RAM: 391M usada / 220M libre | ZRAM Swap: 0M (Orig: 0 KB -> Compr: 0 KB (Ratio: 1.00:1))
  Bateria: 87% (3.591V, -611 mA, Discharging)
  PPSSPP: PID=2765 | Top:    2765 root       1 -19 2172572 328668 178004 R 205.9  32.9  13:41.64 PPSSPPS+
  Prioridad Scheduler: 
----------------------------------------------------------------------
[15:34:09] Muestra 16/20:
  CPU: 1296000 kHz (performance) | Temp: 70.8 °C
  GPU: 520000000 Hz (performance) | SD Read-Ahead: 128 KB
  RAM: 391M usada / 219M libre | ZRAM Swap: 0M (Orig: 0 KB -> Compr: 0 KB (Ratio: 1.00:1))
  Bateria: 86% (3.599V, -630 mA, Discharging)
  PPSSPP: PID=2765 | Top:    2765 root       1 -19 2172572 328668 178004 S 217.6  32.9  14:13.86 PPSSPPS+
  Prioridad Scheduler: 
----------------------------------------------------------------------
[15:34:24] Muestra 17/20:
  CPU: 1296000 kHz (performance) | Temp: 70.0 °C
  GPU: 520000000 Hz (performance) | SD Read-Ahead: 128 KB
  RAM: 410M usada / 200M libre | ZRAM Swap: 0M (Orig: 0 KB -> Compr: 0 KB (Ratio: 1.00:1))
  Bateria: 86% (3.581V, -633 mA, Discharging)
  PPSSPP: PID=2765 | Top:    2765 root       1 -19 2176776 332672 161540 R 200.0  33.3  14:46.69 PPSSPPS+
  Prioridad Scheduler: 
----------------------------------------------------------------------
[15:34:39] Muestra 18/20:
  CPU: 1296000 kHz (performance) | Temp: 72.1 °C
  GPU: 520000000 Hz (performance) | SD Read-Ahead: 128 KB
  RAM: 410M usada / 200M libre | ZRAM Swap: 0M (Orig: 0 KB -> Compr: 0 KB (Ratio: 1.00:1))
  Bateria: 86% (3.590V, -636 mA, Discharging)
  PPSSPP: PID=2765 | Top:    2765 root       1 -19 2176776 332936 161540 R 217.6  33.3  15:19.60 PPSSPPS+
  Prioridad Scheduler: 
----------------------------------------------------------------------
[15:34:55] Muestra 19/20:
  CPU: 1296000 kHz (performance) | Temp: 72.9 °C
  GPU: 520000000 Hz (performance) | SD Read-Ahead: 128 KB
  RAM: 413M usada / 197M libre | ZRAM Swap: 0M (Orig: 0 KB -> Compr: 0 KB (Ratio: 1.00:1))
  Bateria: 86% (3.604V, -612 mA, Discharging)
  PPSSPP: PID=2765 | Top:    2765 root       1 -19 2261812 355416 181116 R 205.6  35.5  15:52.52 PPSSPPS+
  Prioridad Scheduler: 
----------------------------------------------------------------------
[15:35:10] Muestra 20/20:
  CPU: 1296000 kHz (performance) | Temp: 73.3 °C
  GPU: 520000000 Hz (performance) | SD Read-Ahead: 128 KB
  RAM: 415M usada / 195M libre | ZRAM Swap: 0M (Orig: 0 KB -> Compr: 0 KB (Ratio: 1.00:1))
  Bateria: 86% (3.584V, -638 mA, Discharging)
  PPSSPP: PID=2765 | Top:    2765 root       1 -19 2262324 358300 181624 R 194.4  35.8  16:25.90 PPSSPPS+
  Prioridad Scheduler: 
----------------------------------------------------------------------
=== FIN DE TELEMETRIA (PERFIL MAX TURBO COMPLETADO) ===
Fin: Mon Aug 17 15:35:26 CST 2026
